#-----------------------------------------------------------
# Vivado v2019.1 (64-bit)
# SW Build 2552052 on Fri May 24 14:49:42 MDT 2019
# IP Build 2548770 on Fri May 24 18:01:18 MDT 2019
# Start of session at: Sun Jun 25 15:41:44 2023
# Process ID: 22196
# Current directory: C:/Users/SJQ/Data/FPGA_Projects/OV2640_SRAM_VGA
# Command line: vivado.exe -gui_launcher_event rodinguilauncherevent12884 C:\Users\SJQ\Data\FPGA_Projects\OV2640_SRAM_VGA\OV2640_SRAM_VGA.xpr
# Log file: C:/Users/SJQ/Data/FPGA_Projects/OV2640_SRAM_VGA/vivado.log
# Journal file: C:/Users/SJQ/Data/FPGA_Projects/OV2640_SRAM_VGA\vivado.jou
#-----------------------------------------------------------
start_gui
open_project C:/Users/SJQ/Data/FPGA_Projects/OV2640_SRAM_VGA/OV2640_SRAM_VGA.xpr
update_compile_order -fileset sources_1
reset_run synth_1
launch_runs impl_1 -to_step write_bitstream -jobs 6
wait_on_run impl_1
open_hw
reset_run synth_1
launch_runs impl_1 -to_step write_bitstream -jobs 6
wait_on_run impl_1
connect_hw_server
open_hw_target
set_property PROGRAM.FILE {C:/Users/SJQ/Data/FPGA_Projects/OV2640_SRAM_VGA/OV2640_SRAM_VGA.runs/impl_1/top.bit} [get_hw_devices xc7a35t_0]
current_hw_device [get_hw_devices xc7a35t_0]
refresh_hw_device -update_hw_probes false [lindex [get_hw_devices xc7a35t_0] 0]
create_hw_cfgmem -hw_device [get_hw_devices xc7a35t_0] -mem_dev [lindex [get_cfgmem_parts {n25q64-3.3v-spi-x1_x2_x4}] 0]
set_property PROBES.FILE {} [get_hw_devices xc7a35t_0]
set_property FULL_PROBES.FILE {} [get_hw_devices xc7a35t_0]
set_property PROGRAM.FILE {C:/Users/SJQ/Data/FPGA_Projects/OV2640_SRAM_VGA/OV2640_SRAM_VGA.runs/impl_1/top.bit} [get_hw_devices xc7a35t_0]
program_hw_devices [get_hw_devices xc7a35t_0]
refresh_hw_device [lindex [get_hw_devices xc7a35t_0] 0]
synth_design -rtl -name rtl_1
place_ports {led[3]} K2
set_property IOSTANDARD LVCMOS33 [get_ports [list {led[3]}]]
save_constraints
reset_run synth_1
launch_runs impl_1 -to_step write_bitstream -jobs 6
wait_on_run impl_1
write_cfgmem  -format mcs -size 8 -interface SPIx4 -loadbit {up 0x00000000 "C:/Users/SJQ/Data/FPGA_Projects/OV2640_SRAM_VGA/OV2640_SRAM_VGA.runs/impl_1/top.bit" } -checksum -force -disablebitswap -file "C:/Users/SJQ/Data/FPGA_Projects/OV2640_SRAM_VGA/OV2640_SRAM_VGA.runs/impl_1/flash"
set_property PROGRAM.ADDRESS_RANGE  {use_file} [ get_property PROGRAM.HW_CFGMEM [lindex [get_hw_devices xc7a35t_0] 0]]
set_property PROGRAM.FILES [list "C:/Users/SJQ/Data/FPGA_Projects/OV2640_SRAM_VGA/OV2640_SRAM_VGA.runs/impl_1/flash.mcs" ] [ get_property PROGRAM.HW_CFGMEM [lindex [get_hw_devices xc7a35t_0] 0]]
set_property PROGRAM.PRM_FILE {C:/Users/SJQ/Data/FPGA_Projects/OV2640_SRAM_VGA/OV2640_SRAM_VGA.runs/impl_1/flash.prm} [ get_property PROGRAM.HW_CFGMEM [lindex [get_hw_devices xc7a35t_0] 0]]
set_property PROGRAM.UNUSED_PIN_TERMINATION {pull-none} [ get_property PROGRAM.HW_CFGMEM [lindex [get_hw_devices xc7a35t_0] 0]]
set_property PROGRAM.BLANK_CHECK  0 [ get_property PROGRAM.HW_CFGMEM [lindex [get_hw_devices xc7a35t_0] 0]]
set_property PROGRAM.ERASE  1 [ get_property PROGRAM.HW_CFGMEM [lindex [get_hw_devices xc7a35t_0] 0]]
set_property PROGRAM.CFG_PROGRAM  1 [ get_property PROGRAM.HW_CFGMEM [lindex [get_hw_devices xc7a35t_0] 0]]
set_property PROGRAM.VERIFY  1 [ get_property PROGRAM.HW_CFGMEM [lindex [get_hw_devices xc7a35t_0] 0]]
set_property PROGRAM.CHECKSUM  0 [ get_property PROGRAM.HW_CFGMEM [lindex [get_hw_devices xc7a35t_0] 0]]
startgroup 
create_hw_bitstream -hw_device [lindex [get_hw_devices xc7a35t_0] 0] [get_property PROGRAM.HW_CFGMEM_BITFILE [ lindex [get_hw_devices xc7a35t_0] 0]]; program_hw_devices [lindex [get_hw_devices xc7a35t_0] 0]; refresh_hw_device [lindex [get_hw_devices xc7a35t_0] 0];
program_hw_cfgmem -hw_cfgmem [ get_property PROGRAM.HW_CFGMEM [lindex [get_hw_devices xc7a35t_0] 0]]
endgroup
